(node:70662) [DEP_WEBPACK_DEV_SERVER_ON_AFTER_SETUP_MIDDLEWARE] DeprecationWarning: 'onAfterSetupMiddleware' option is deprecated. Please use the 'setupMiddlewares' option.
(Use `node --trace-deprecation ...` to show where the warning was created)
(node:70662) [DEP_WEBPACK_DEV_SERVER_ON_BEFORE_SETUP_MIDDLEWARE] DeprecationWarning: 'onBeforeSetupMiddleware' option is deprecated. Please use the 'setupMiddlewares' option.
Starting the development server...

Compiled successfully!

You can now view frontend in the browser.

  Local:            http://localhost:3000
  On Your Network:  http://192.168.1.13:3000

Note that the development build is not optimized.
To create a production build, use npm run build.

webpack compiled successfully
(node:70662) [DEP0060] DeprecationWarning: The `util._extend` API is deprecated. Please use Object.assign() instead.
Compiling...
Compiled successfully!
webpack compiled successfully
Compiling...
Compiled successfully!
webpack compiled successfully
Compiling...
Compiled successfully!
webpack compiled successfully
Compiling...
Compiled successfully!
webpack compiled successfully
Compiling...
Compiled successfully!
webpack compiled successfully
Compiling...
Compiled successfully!
webpack compiled successfully
Compiling...
Compiled successfully!
webpack compiled successfully
Compiling...
Compiled successfully!
webpack compiled successfully
Compiling...
Compiled successfully!
webpack compiled successfully
Compiling...
Compiled with warnings.

[eslint] 
src/components/common/ProductFilter.jsx
  Line 13:10:  'segment' is assigned a value but never used      no-unused-vars
  Line 13:19:  'subcategory' is assigned a value but never used  no-unused-vars

Search for the keywords to learn more about each warning.
To ignore, add // eslint-disable-next-line to the line before.

WARNING in [eslint] 
src/components/common/ProductFilter.jsx
  Line 13:10:  'segment' is assigned a value but never used      no-unused-vars
  Line 13:19:  'subcategory' is assigned a value but never used  no-unused-vars

webpack compiled with 1 warning
Compiling...
Compiled with warnings.

[eslint] 
src/components/common/ProductFilter.jsx
  Line 13:10:  'segment' is assigned a value but never used      no-unused-vars
  Line 13:19:  'subcategory' is assigned a value but never used  no-unused-vars

Search for the keywords to learn more about each warning.
To ignore, add // eslint-disable-next-line to the line before.

WARNING in [eslint] 
src/components/common/ProductFilter.jsx
  Line 13:10:  'segment' is assigned a value but never used      no-unused-vars
  Line 13:19:  'subcategory' is assigned a value but never used  no-unused-vars

webpack compiled with 1 warning
Compiling...
Compiled with warnings.

[eslint] 
src/components/common/ProductFilter.jsx
  Line 13:10:  'segment' is assigned a value but never used      no-unused-vars
  Line 13:19:  'subcategory' is assigned a value but never used  no-unused-vars

Search for the keywords to learn more about each warning.
To ignore, add // eslint-disable-next-line to the line before.

WARNING in [eslint] 
src/components/common/ProductFilter.jsx
  Line 13:10:  'segment' is assigned a value but never used      no-unused-vars
  Line 13:19:  'subcategory' is assigned a value but never used  no-unused-vars

webpack compiled with 1 warning
Compiling...
Compiled with warnings.

[eslint] 
src/components/common/ProductFilter.jsx
  Line 13:10:  'segment' is assigned a value but never used      no-unused-vars
  Line 13:19:  'subcategory' is assigned a value but never used  no-unused-vars

Search for the keywords to learn more about each warning.
To ignore, add // eslint-disable-next-line to the line before.

WARNING in [eslint] 
src/components/common/ProductFilter.jsx
  Line 13:10:  'segment' is assigned a value but never used      no-unused-vars
  Line 13:19:  'subcategory' is assigned a value but never used  no-unused-vars

webpack compiled with 1 warning
Compiling...
Compiled with warnings.

[eslint] 
src/components/common/ProductFilter.jsx
  Line 13:10:  'segment' is assigned a value but never used      no-unused-vars
  Line 13:19:  'subcategory' is assigned a value but never used  no-unused-vars

Search for the keywords to learn more about each warning.
To ignore, add // eslint-disable-next-line to the line before.

WARNING in [eslint] 
src/components/common/ProductFilter.jsx
  Line 13:10:  'segment' is assigned a value but never used      no-unused-vars
  Line 13:19:  'subcategory' is assigned a value but never used  no-unused-vars

webpack compiled with 1 warning
Compiling...
Compiled with warnings.

[eslint] 
src/components/common/ProductFilter.jsx
  Line 13:10:  'segment' is assigned a value but never used      no-unused-vars
  Line 13:19:  'subcategory' is assigned a value but never used  no-unused-vars

Search for the keywords to learn more about each warning.
To ignore, add // eslint-disable-next-line to the line before.

WARNING in [eslint] 
src/components/common/ProductFilter.jsx
  Line 13:10:  'segment' is assigned a value but never used      no-unused-vars
  Line 13:19:  'subcategory' is assigned a value but never used  no-unused-vars

webpack compiled with 1 warning
Compiling...
Compiled with warnings.

[eslint] 
src/components/common/ProductFilter.jsx
  Line 13:10:  'segment' is assigned a value but never used      no-unused-vars
  Line 13:19:  'subcategory' is assigned a value but never used  no-unused-vars

Search for the keywords to learn more about each warning.
To ignore, add // eslint-disable-next-line to the line before.

WARNING in [eslint] 
src/components/common/ProductFilter.jsx
  Line 13:10:  'segment' is assigned a value but never used      no-unused-vars
  Line 13:19:  'subcategory' is assigned a value but never used  no-unused-vars

webpack compiled with 1 warning
Compiling...
Compiled with warnings.

[eslint] 
src/components/common/ProductFilter.jsx
  Line 13:10:  'segment' is assigned a value but never used      no-unused-vars
  Line 13:19:  'subcategory' is assigned a value but never used  no-unused-vars

Search for the keywords to learn more about each warning.
To ignore, add // eslint-disable-next-line to the line before.

WARNING in [eslint] 
src/components/common/ProductFilter.jsx
  Line 13:10:  'segment' is assigned a value but never used      no-unused-vars
  Line 13:19:  'subcategory' is assigned a value but never used  no-unused-vars

webpack compiled with 1 warning
Compiling...
Compiled with warnings.

[eslint] 
src/components/common/ProductFilter.jsx
  Line 13:10:  'segment' is assigned a value but never used      no-unused-vars
  Line 13:19:  'subcategory' is assigned a value but never used  no-unused-vars

Search for the keywords to learn more about each warning.
To ignore, add // eslint-disable-next-line to the line before.

WARNING in [eslint] 
src/components/common/ProductFilter.jsx
  Line 13:10:  'segment' is assigned a value but never used      no-unused-vars
  Line 13:19:  'subcategory' is assigned a value but never used  no-unused-vars

webpack compiled with 1 warning
Compiling...
Compiled with warnings.

[eslint] 
src/components/common/ProductFilter.jsx
  Line 13:10:  'segment' is assigned a value but never used      no-unused-vars
  Line 13:19:  'subcategory' is assigned a value but never used  no-unused-vars

Search for the keywords to learn more about each warning.
To ignore, add // eslint-disable-next-line to the line before.

WARNING in [eslint] 
src/components/common/ProductFilter.jsx
  Line 13:10:  'segment' is assigned a value but never used      no-unused-vars
  Line 13:19:  'subcategory' is assigned a value but never used  no-unused-vars

webpack compiled with 1 warning
Compiling...
Compiled with warnings.

[eslint] 
src/components/common/ProductFilter.jsx
  Line 13:10:  'segment' is assigned a value but never used      no-unused-vars
  Line 13:19:  'subcategory' is assigned a value but never used  no-unused-vars

Search for the keywords to learn more about each warning.
To ignore, add // eslint-disable-next-line to the line before.

WARNING in [eslint] 
src/components/common/ProductFilter.jsx
  Line 13:10:  'segment' is assigned a value but never used      no-unused-vars
  Line 13:19:  'subcategory' is assigned a value but never used  no-unused-vars

webpack compiled with 1 warning
Compiling...
Compiled with warnings.

[eslint] 
src/components/common/ProductFilter.jsx
  Line 13:10:  'segment' is assigned a value but never used      no-unused-vars
  Line 13:19:  'subcategory' is assigned a value but never used  no-unused-vars

Search for the keywords to learn more about each warning.
To ignore, add // eslint-disable-next-line to the line before.

WARNING in [eslint] 
src/components/common/ProductFilter.jsx
  Line 13:10:  'segment' is assigned a value but never used      no-unused-vars
  Line 13:19:  'subcategory' is assigned a value but never used  no-unused-vars

webpack compiled with 1 warning
Compiling...
Compiled with warnings.

[eslint] 
src/components/common/ProductFilter.jsx
  Line 13:10:  'segment' is assigned a value but never used      no-unused-vars
  Line 13:19:  'subcategory' is assigned a value but never used  no-unused-vars

Search for the keywords to learn more about each warning.
To ignore, add // eslint-disable-next-line to the line before.

WARNING in [eslint] 
src/components/common/ProductFilter.jsx
  Line 13:10:  'segment' is assigned a value but never used      no-unused-vars
  Line 13:19:  'subcategory' is assigned a value but never used  no-unused-vars

webpack compiled with 1 warning
Compiling...
Compiled with warnings.

[eslint] 
src/components/common/ProductFilter.jsx
  Line 13:10:  'segment' is assigned a value but never used      no-unused-vars
  Line 13:19:  'subcategory' is assigned a value but never used  no-unused-vars

Search for the keywords to learn more about each warning.
To ignore, add // eslint-disable-next-line to the line before.

WARNING in [eslint] 
src/components/common/ProductFilter.jsx
  Line 13:10:  'segment' is assigned a value but never used      no-unused-vars
  Line 13:19:  'subcategory' is assigned a value but never used  no-unused-vars

webpack compiled with 1 warning
Compiling...
Compiled with warnings.

[eslint] 
src/components/common/ProductFilter.jsx
  Line 13:10:  'segment' is assigned a value but never used      no-unused-vars
  Line 13:19:  'subcategory' is assigned a value but never used  no-unused-vars

Search for the keywords to learn more about each warning.
To ignore, add // eslint-disable-next-line to the line before.

WARNING in [eslint] 
src/components/common/ProductFilter.jsx
  Line 13:10:  'segment' is assigned a value but never used      no-unused-vars
  Line 13:19:  'subcategory' is assigned a value but never used  no-unused-vars

webpack compiled with 1 warning
Compiling...
Compiled with warnings.

[eslint] 
src/components/common/ProductFilter.jsx
  Line 13:10:  'segment' is assigned a value but never used      no-unused-vars
  Line 13:19:  'subcategory' is assigned a value but never used  no-unused-vars

Search for the keywords to learn more about each warning.
To ignore, add // eslint-disable-next-line to the line before.

WARNING in [eslint] 
src/components/common/ProductFilter.jsx
  Line 13:10:  'segment' is assigned a value but never used      no-unused-vars
  Line 13:19:  'subcategory' is assigned a value but never used  no-unused-vars

webpack compiled with 1 warning
Compiling...
Compiled with warnings.

[eslint] 
src/components/common/ProductFilter.jsx
  Line 13:10:  'segment' is assigned a value but never used      no-unused-vars
  Line 13:19:  'subcategory' is assigned a value but never used  no-unused-vars

Search for the keywords to learn more about each warning.
To ignore, add // eslint-disable-next-line to the line before.

WARNING in [eslint] 
src/components/common/ProductFilter.jsx
  Line 13:10:  'segment' is assigned a value but never used      no-unused-vars
  Line 13:19:  'subcategory' is assigned a value but never used  no-unused-vars

webpack compiled with 1 warning
Compiling...
Compiled with warnings.

[eslint] 
src/components/common/ProductFilter.jsx
  Line 13:10:  'segment' is assigned a value but never used      no-unused-vars
  Line 13:19:  'subcategory' is assigned a value but never used  no-unused-vars

Search for the keywords to learn more about each warning.
To ignore, add // eslint-disable-next-line to the line before.

WARNING in [eslint] 
src/components/common/ProductFilter.jsx
  Line 13:10:  'segment' is assigned a value but never used      no-unused-vars
  Line 13:19:  'subcategory' is assigned a value but never used  no-unused-vars

webpack compiled with 1 warning
Compiling...
Compiled with warnings.

[eslint] 
src/components/common/ProductFilter.jsx
  Line 13:10:  'segment' is assigned a value but never used      no-unused-vars
  Line 13:19:  'subcategory' is assigned a value but never used  no-unused-vars

src/components/customer/Cart/Cart.jsx
  Line 13:30:  'totalPrice' is assigned a value but never used  no-unused-vars

Search for the keywords to learn more about each warning.
To ignore, add // eslint-disable-next-line to the line before.

WARNING in [eslint] 
src/components/common/ProductFilter.jsx
  Line 13:10:  'segment' is assigned a value but never used      no-unused-vars
  Line 13:19:  'subcategory' is assigned a value but never used  no-unused-vars

src/components/customer/Cart/Cart.jsx
  Line 13:30:  'totalPrice' is assigned a value but never used  no-unused-vars

webpack compiled with 1 warning
Compiling...
Compiled with warnings.

[eslint] 
src/components/common/ProductFilter.jsx
  Line 13:10:  'segment' is assigned a value but never used      no-unused-vars
  Line 13:19:  'subcategory' is assigned a value but never used  no-unused-vars

src/components/customer/Cart/Cart.jsx
  Line 13:30:  'totalPrice' is assigned a value but never used  no-unused-vars

Search for the keywords to learn more about each warning.
To ignore, add // eslint-disable-next-line to the line before.

WARNING in [eslint] 
src/components/common/ProductFilter.jsx
  Line 13:10:  'segment' is assigned a value but never used      no-unused-vars
  Line 13:19:  'subcategory' is assigned a value but never used  no-unused-vars

src/components/customer/Cart/Cart.jsx
  Line 13:30:  'totalPrice' is assigned a value but never used  no-unused-vars

webpack compiled with 1 warning
Compiling...
Compiled with warnings.

[eslint] 
src/components/common/ProductFilter.jsx
  Line 13:10:  'segment' is assigned a value but never used      no-unused-vars
  Line 13:19:  'subcategory' is assigned a value but never used  no-unused-vars

src/components/customer/Cart/Cart.jsx
  Line 13:30:  'totalPrice' is assigned a value but never used  no-unused-vars

Search for the keywords to learn more about each warning.
To ignore, add // eslint-disable-next-line to the line before.

WARNING in [eslint] 
src/components/common/ProductFilter.jsx
  Line 13:10:  'segment' is assigned a value but never used      no-unused-vars
  Line 13:19:  'subcategory' is assigned a value but never used  no-unused-vars

src/components/customer/Cart/Cart.jsx
  Line 13:30:  'totalPrice' is assigned a value but never used  no-unused-vars

webpack compiled with 1 warning
Compiling...
Compiled with warnings.

[eslint] 
src/components/common/ProductFilter.jsx
  Line 13:10:  'segment' is assigned a value but never used      no-unused-vars
  Line 13:19:  'subcategory' is assigned a value but never used  no-unused-vars

Search for the keywords to learn more about each warning.
To ignore, add // eslint-disable-next-line to the line before.

WARNING in [eslint] 
src/components/common/ProductFilter.jsx
  Line 13:10:  'segment' is assigned a value but never used      no-unused-vars
  Line 13:19:  'subcategory' is assigned a value but never used  no-unused-vars

webpack compiled with 1 warning
Compiling...
Compiled with warnings.

[eslint] 
src/components/common/ProductFilter.jsx
  Line 13:10:  'segment' is assigned a value but never used      no-unused-vars
  Line 13:19:  'subcategory' is assigned a value but never used  no-unused-vars

Search for the keywords to learn more about each warning.
To ignore, add // eslint-disable-next-line to the line before.

WARNING in [eslint] 
src/components/common/ProductFilter.jsx
  Line 13:10:  'segment' is assigned a value but never used      no-unused-vars
  Line 13:19:  'subcategory' is assigned a value but never used  no-unused-vars

webpack compiled with 1 warning
Compiling...
Compiled with warnings.

[eslint] 
src/components/common/ProductFilter.jsx
  Line 13:10:  'segment' is assigned a value but never used      no-unused-vars
  Line 13:19:  'subcategory' is assigned a value but never used  no-unused-vars

Search for the keywords to learn more about each warning.
To ignore, add // eslint-disable-next-line to the line before.

WARNING in [eslint] 
src/components/common/ProductFilter.jsx
  Line 13:10:  'segment' is assigned a value but never used      no-unused-vars
  Line 13:19:  'subcategory' is assigned a value but never used  no-unused-vars

webpack compiled with 1 warning
