(node:70336) [MONGODB DRIVER] Warning: useNewUrlParser is a deprecated option: useNewUrlParser has no effect since Node.js Driver version 4.0.0 and will be removed in the next major version
(Use `node --trace-warnings ...` to show where the warning was created)
(node:70336) [MONGODB DRIVER] Warning: useUnifiedTopology is a deprecated option: useUnifiedTopology has no effect since Node.js Driver version 4.0.0 and will be removed in the next major version
Connected to db & Listening on port 4000
/api/health GET
/main.c7bc4452575ac087bb79.hot-update.json GET
/api/products GET
/api/products GET
/images/placeholder.jpg GET
/api/products GET
/api/products/filters/t-shirts GET
/api/products GET
/api/products/filters/t-shirts GET
/api/products GET
/api/products/filters/t-shirts GET
/api/products GET
/api/products/filters/t-shirts GET
/api/products GET
/api/products/filters/t-shirts GET
/api/products GET
/api/products/filters/t-shirts GET
/api/products GET
/api/products/filters/t-shirts GET
/api/products GET
/api/products/filters/t-shirts GET
/api/products GET
/api/products/filters/t-shirts GET
/api/products GET
/api/products/filters/t-shirts GET
/api/products GET
/api/products/filters/hoodies GET
/api/products GET
/api/products/filters/hoodies GET
/api/products GET
/api/products/filters/men-shirts GET
/api/products GET
/api/products/filters/men-shirts GET
/api/products GET
/api/products GET
/api/products GET
/api/products GET
/api/products GET
/api/products GET
/api/products GET
/api/ GET
/api GET
/api/products GET
/api/products GET
/api/products GET
/api/products GET
/api/products GET
/api/products GET
/api/products GET
/api/products GET
/api/products GET
/api/products GET
/api/products GET
/api/products GET
/api/products GET
/api/products GET
/api/products GET
/api/products GET
/api/products GET
/api/products GET
/api/products GET
/api/products GET
/api/products GET
/api/products GET
/api/products POST
/api/products GET
/api/products GET
/images/placeholder.jpg GET
/api/products/68963ebc44e3aabd4d2ecc10 GET
/api/products/68963ebc44e3aabd4d2ecc10 GET
/images/placeholder.jpg GET
/api/auth/login POST
/api/auth/login POST
/api/auth/login POST
/api/auth/login POST
/api/auth/register POST
/api/products GET
/api/cart/add POST
/api/orders POST
/api/auth/login POST
/api/auth/login POST
